[WebServer]  [33m[1m⚠[22m[39m Webpack is configured while Turbopack is not, which may cause problems.
[WebServer]  [33m[1m⚠[22m[39m See instructions if you need to configure Turbopack:
[WebServer]   https://nextjs.org/docs/app/api-reference/next-config-js/turbopack
[WebServer] 
[WebServer] Image with src "/images/brand/woodbine-logo-gold.png" is using quality "100" which is not configured in images.qualities. This config will be required starting in Next.js 16.
[WebServer] Read more: https://nextjs.org/docs/messages/next-image-unconfigured-qualities

Running 5 tests using 5 workers

  ✘  1 [chromium] › e2e/industrialized-commerce-v10.spec.ts:169:3 › Industrialized Commerce Suite V10 › Edge Case: Multi-Currency & Precision Formatting (23.2s)
  ✘  4 [chromium] › e2e/industrialized-commerce-v10.spec.ts:138:3 › Industrialized Commerce Suite V10 › Full Life Cycle: Physical Product Purchase (27.9s)
  ✘  2 [chromium] › e2e/industrialized-commerce-v10.spec.ts:184:3 › Industrialized Commerce Suite V10 › Constraint Validation: Sold Out Product (27.9s)
  ✘  3 [chromium] › e2e/industrialized-commerce-v10.spec.ts:205:3 › Industrialized Commerce Suite V10 › Search & Filter Industrial Performance (28.1s)
  ✘  5 [chromium] › e2e/industrialized-commerce-v10.spec.ts:190:3 › Industrialized Commerce Suite V10 › Digital Workflow: Instant Fulfillment (1.5m)


  1) [chromium] › e2e/industrialized-commerce-v10.spec.ts:138:3 › Industrialized Commerce Suite V10 › Full Life Cycle: Physical Product Purchase 

    Error: [2mexpect([22m[31mlocator[39m[2m).[22mtoBeVisible[2m([22m[2m)[22m failed

    Locator: locator('[data-testid="product-card"]').filter({ hasText: 'Physical Masterpiece' })
    Expected: visible
    Timeout: 20000ms
    Error: element(s) not found

    Call log:
    [2m  - Expect "toBeVisible" with timeout 20000ms[22m
    [2m  - waiting for locator('[data-testid="product-card"]').filter({ hasText: 'Physical Masterpiece' })[22m


      139 |     await page.goto('/products');
      140 |     const firstProduct = page.locator('[data-testid="product-card"]').filter({ hasText: 'Physical Masterpiece' });
    > 141 |     await expect(firstProduct).toBeVisible({ timeout: 20000 });
          |                                ^
      142 |     await firstProduct.hover();
      143 |     await firstProduct.getByTestId('quick-add').click();
      144 |
        at /Users/bozoegg/Desktop/DreamBeesArt/e2e/industrialized-commerce-v10.spec.ts:141:32

    Error Context: test-results/industrialized-commerce-v1-6f489-e-Physical-Product-Purchase-chromium/error-context.md

  2) [chromium] › e2e/industrialized-commerce-v10.spec.ts:169:3 › Industrialized Commerce Suite V10 › Edge Case: Multi-Currency & Precision Formatting 

    Error: [2mexpect([22m[31mlocator[39m[2m).[22mtoHaveText[2m([22m[32mexpected[39m[2m)[22m failed

    Locator: getByTestId('cart-total')
    Expected pattern: [32m/\$300\.00/[39m
    Timeout: 20000ms
    Error: element(s) not found

    Call log:
    [2m  - Expect "toHaveText" with timeout 20000ms[22m
    [2m  - waiting for getByTestId('cart-total')[22m


      173 |     
      174 |     await page.goto('/cart');
    > 175 |     await expect(page.getByTestId('cart-total')).toHaveText(/\$300\.00/, { timeout: 20000 });
          |                                                  ^
      176 |
      177 |     const cartItem = page.locator('[data-testid="cart-item"]').filter({ hasText: 'Physical Masterpiece' });
      178 |     await cartItem.getByTestId('increase-quantity').click();
        at /Users/bozoegg/Desktop/DreamBeesArt/e2e/industrialized-commerce-v10.spec.ts:175:50

    Error Context: test-results/industrialized-commerce-v1-701be-rrency-Precision-Formatting-chromium/error-context.md

  3) [chromium] › e2e/industrialized-commerce-v10.spec.ts:184:3 › Industrialized Commerce Suite V10 › Constraint Validation: Sold Out Product 

    Error: [2mexpect([22m[31mlocator[39m[2m).[22mtoBeVisible[2m([22m[2m)[22m failed

    Locator: locator('[data-testid="product-card"]').filter({ hasText: 'Sold Out Artifact' }).getByTestId('sold-out-badge')
    Expected: visible
    Timeout: 20000ms
    Error: element(s) not found

    Call log:
    [2m  - Expect "toBeVisible" with timeout 20000ms[22m
    [2m  - waiting for locator('[data-testid="product-card"]').filter({ hasText: 'Sold Out Artifact' }).getByTestId('sold-out-badge')[22m


      185 |     await page.goto('/products');
      186 |     const soldOutProduct = page.locator('[data-testid="product-card"]').filter({ hasText: 'Sold Out Artifact' });
    > 187 |     await expect(soldOutProduct.getByTestId('sold-out-badge')).toBeVisible({ timeout: 20000 });
          |                                                                ^
      188 |   });
      189 |
      190 |   test('Digital Workflow: Instant Fulfillment', async ({ page }) => {
        at /Users/bozoegg/Desktop/DreamBeesArt/e2e/industrialized-commerce-v10.spec.ts:187:64

    Error Context: test-results/industrialized-commerce-v1-8316a-Validation-Sold-Out-Product-chromium/error-context.md

  4) [chromium] › e2e/industrialized-commerce-v10.spec.ts:190:3 › Industrialized Commerce Suite V10 › Digital Workflow: Instant Fulfillment 

    [31mTest timeout of 90000ms exceeded.[39m

    Error: locator.fill: Test timeout of 90000ms exceeded.
    Call log:
    [2m  - waiting for locator('#checkout-street')[22m


      194 |     
      195 |     await page.goto('/checkout');
    > 196 |     await page.locator('#checkout-street').fill('Digital Way 1');
          |                                            ^
      197 |     await page.locator('#checkout-city').fill('CyberCity');
      198 |     await page.locator('#checkout-state').fill('NE');
      199 |     await page.locator('#checkout-zip').fill('10101');
        at /Users/bozoegg/Desktop/DreamBeesArt/e2e/industrialized-commerce-v10.spec.ts:196:44

    Error Context: test-results/industrialized-commerce-v1-5393f-orkflow-Instant-Fulfillment-chromium/error-context.md

  5) [chromium] › e2e/industrialized-commerce-v10.spec.ts:205:3 › Industrialized Commerce Suite V10 › Search & Filter Industrial Performance 

    Error: [2mexpect([22m[31mlocator[39m[2m).[22mtoHaveCount[2m([22m[32mexpected[39m[2m)[22m failed

    Locator:  locator('[data-testid="product-card"]')
    Expected: [32m1[39m
    Received: [31m0[39m
    Timeout:  20000ms

    Call log:
    [2m  - Expect "toHaveCount" with timeout 20000ms[22m
    [2m  - waiting for locator('[data-testid="product-card"]')[22m
    [2m    24 × locator resolved to 0 elements[22m
    [2m       - unexpected value "0"[22m


      208 |     
      209 |     await searchInput.fill('Digital');
    > 210 |     await expect(page.locator('[data-testid="product-card"]')).toHaveCount(1, { timeout: 20000 });
          |                                                                ^
      211 |     await expect(page.getByText('Digital Genesis')).toBeVisible({ timeout: 20000 });
      212 |     
      213 |     await searchInput.fill('');
        at /Users/bozoegg/Desktop/DreamBeesArt/e2e/industrialized-commerce-v10.spec.ts:210:64

    Error Context: test-results/industrialized-commerce-v1-b01f6-lter-Industrial-Performance-chromium/error-context.md

  5 failed
    [chromium] › e2e/industrialized-commerce-v10.spec.ts:138:3 › Industrialized Commerce Suite V10 › Full Life Cycle: Physical Product Purchase 
    [chromium] › e2e/industrialized-commerce-v10.spec.ts:169:3 › Industrialized Commerce Suite V10 › Edge Case: Multi-Currency & Precision Formatting 
    [chromium] › e2e/industrialized-commerce-v10.spec.ts:184:3 › Industrialized Commerce Suite V10 › Constraint Validation: Sold Out Product 
    [chromium] › e2e/industrialized-commerce-v10.spec.ts:190:3 › Industrialized Commerce Suite V10 › Digital Workflow: Instant Fulfillment 
    [chromium] › e2e/industrialized-commerce-v10.spec.ts:205:3 › Industrialized Commerce Suite V10 › Search & Filter Industrial Performance 
